<?xml version="1.0" encoding="UTF-8" standalone="no"?>
<mappingRoot xmlns="http://www.ibm.com/2008/ccl/Mapping" xmlns:map="default" domainID="com.ibm.msl.mapping.xml" domainIDExtension="mb" mainMap="true" targetNamespace="default" version="8.0.5.0">
    <inlinedXMLSchema><![CDATA[<?xml version="1.0" encoding="UTF-8" standalone="no"?>
<xsd:schema xmlns:xsd="http://www.w3.org/2001/XMLSchema">
      
  <xsd:element name="greetings" nillable="true" type="xsd:string"/>
  
</xsd:schema>
]]></inlinedXMLSchema>
    <input inlinedXMLSchema="true" path="../schema_0.xsd" var="var1"/>
    <output path="jar:file://!com/ibm/etools/mft/map/xsds/predefined/JsonDomainMsg.xsd" var="var"/>
    <namespaces>
        <namespace kind="supplement" prefix="out" uri="http://www.ibm.com/iib/msl/json"/>
    </namespaces>
    <generation engine="xquery"/>
    <mappingDeclaration name="TestFlow_Mapping">
        <output namespace="http://www.ibm.com/iib/msl/json" path="$var/mb:msg(JSON,assembly,JSON,Properties)">
            <cast castType="userDefined" path="JSON/Data/type('anyType')" qualifier="{http://www.ibm.com/iib/msl/json}JSONObject" ref="var"/>
            <cast castType="userDefined" path="JSON/spath('Data',2)/any" qualifier="greetings" ref="var1"/>
        </output>
        <assign value="Hello world!">
            <output path="JSON/spath('Data',2)/greetings"/>
        </assign>
    </mappingDeclaration>
</mappingRoot>
